// Jest Snapshot v1, https://goo.gl/fbAQLP

exports[`MTree Given a tree with some data Should render correctly 1`] = `
<div class="m-tree">
    <m-button skin="secondary">m-tree:all-open</m-button>
    <ul>
        <m-tree-node selection-quantity="1" node="[object Object]" selected-nodes="/medias/Videos/video-dog.mov" selection-icon=""></m-tree-node>
        <m-tree-node selection-quantity="1" node="[object Object]" selected-nodes="/medias/Videos/video-dog.mov" selection-icon=""></m-tree-node>
    </ul>
</div>
`;

exports[`MTree Given an empty tree Should render correctly 1`] = `<div class="m-tree"><span class="m-tree__empty"><m-i18n k="m-tree:empty"></m-i18n></span> </div>`;
