// Jest Snapshot v1, https://goo.gl/fbAQLP

exports[`MInputStyle should render correctly 1`] = `
<div class="m-input-style m--is-tag-default" style="width:undefined;">
  <div class="m-input-style__content" style="margin-top:undefined;">
    <div class="m-input-style__body">
      <div class="m-input-style__left-content"><input type="text"> </div>
      <div class="m-input-style__right-content"></div>
    </div>
  </div>
</div>
`;
