// Jest Snapshot v1, https://goo.gl/fbAQLP

exports[`MForm When the form has no required fields, then it should not show a required label 1`] = `<form id="uuid" class="m-form"> </form>`;

exports[`MForm When the form has required fields, then it should show a required label 1`] = `
<form id="uuid" class="m-form">
    <p class="m-form__required"><span class="m-form__required__marker">*</span> <span class="m-form__required__label">m-form:required</span></p>
</form>
`;

exports[`MForm should render correctly 1`] = `
<form id="uuid" class="m-form">
    <p class="m-form__required"><span class="m-form__required__marker">*</span> <span class="m-form__required__label">m-form:required</span></p>
</form>
`;
