// Jest Snapshot v1, https://goo.gl/fbAQLP

exports[`Storyshots components|m-radio-group default 1`] = `
<div
  class="m-radio-group"
>
  <div
    class="m-input-group"
  >
    <!---->
     
    <div
      class="m-input-group__body"
    >
      <div
        class="m-validation-message m-input-group__message"
      >
        <!---->
         
        <!---->
      </div>
       
      <div
        class="m-input-group__content"
      >
         
        <ul
          class="m-radio-group__body"
          role="radiogroup"
        >
          <li
            class="m-radio m--is-checked"
          >
            <input
              class="m-radio__hidden"
              id="uuid"
              name="uuid"
              type="radio"
              value=""
            />
             
            <label
              class="m-radio__wrap"
              for="uuid"
            >
              <span
                aria-hidden="true"
                class="m-radio__input"
              />
               
              <span
                class="m-radio__label"
              >
                Radio Option 1
              </span>
            </label>
          </li>
           
          <li
            class="m-radio m--is-checked"
          >
            <input
              class="m-radio__hidden"
              id="uuid"
              name="uuid"
              type="radio"
              value=""
            />
             
            <label
              class="m-radio__wrap"
              for="uuid"
            >
              <span
                aria-hidden="true"
                class="m-radio__input"
              />
               
              <span
                class="m-radio__label"
              >
                Radio Option 2
              </span>
            </label>
          </li>
           
          <li
            class="m-radio m--is-checked"
          >
            <input
              class="m-radio__hidden"
              id="uuid"
              name="uuid"
              type="radio"
              value=""
            />
             
            <label
              class="m-radio__wrap"
              for="uuid"
            >
              <span
                aria-hidden="true"
                class="m-radio__input"
              />
               
              <span
                class="m-radio__label"
              >
                Radio Option 3
              </span>
            </label>
          </li>
        </ul>
      </div>
    </div>
  </div>
</div>
`;

exports[`Storyshots components|m-radio-group error 1`] = `
<div
  class="m-radio-group m--has-error"
>
  <div
    class="m-input-group m--has-error"
  >
    <!---->
     
    <div
      class="m-input-group__body"
    >
      <div
        class="m-validation-message m-input-group__message"
      >
        <!---->
         
        <!---->
      </div>
       
      <div
        class="m-input-group__content"
      >
         
        <ul
          class="m-radio-group__body"
          role="radiogroup"
        >
          <li
            class="m-radio m--is-error m--is-checked"
          >
            <input
              class="m-radio__hidden"
              id="uuid"
              name="uuid"
              type="radio"
              value=""
            />
             
            <label
              class="m-radio__wrap"
              for="uuid"
            >
              <span
                aria-hidden="true"
                class="m-radio__input"
              />
               
              <span
                class="m-radio__label"
              >
                Radio Option 1
              </span>
            </label>
          </li>
           
          <li
            class="m-radio m--is-error m--is-checked"
          >
            <input
              class="m-radio__hidden"
              id="uuid"
              name="uuid"
              type="radio"
              value=""
            />
             
            <label
              class="m-radio__wrap"
              for="uuid"
            >
              <span
                aria-hidden="true"
                class="m-radio__input"
              />
               
              <span
                class="m-radio__label"
              >
                Radio Option 2
              </span>
            </label>
          </li>
           
          <li
            class="m-radio m--is-error m--is-checked"
          >
            <input
              class="m-radio__hidden"
              id="uuid"
              name="uuid"
              type="radio"
              value=""
            />
             
            <label
              class="m-radio__wrap"
              for="uuid"
            >
              <span
                aria-hidden="true"
                class="m-radio__input"
              />
               
              <span
                class="m-radio__label"
              >
                Radio Option 3
              </span>
            </label>
          </li>
        </ul>
      </div>
    </div>
  </div>
</div>
`;

exports[`Storyshots components|m-radio-group error-message & label 1`] = `
<div
  class="m-radio-group m--has-error m--has-validation-message"
>
  <div
    class="m-input-group m--has-error m--has-validation-message"
  >
    <p
      class="m-input-group__label"
      id="uuid"
    >
      This is a label
      <!---->
       
      <!---->
    </p>
     
    <div
      class="m-input-group__body"
    >
      <div
        class="m-validation-message m-input-group__message"
        id="uuid"
      >
        <p
          class="m-validation-message__error"
        >
          <svg
            class="m-icon m-validation-message__icon"
            height="1em"
            width="1em"
          >
            <title>
              Erreur
            </title>
             
            <use
              aria-hidden="true"
              class=""
            />
          </svg>
           
          <span
            class="m-validation-message__text"
          >
            This is an error message
          </span>
        </p>
         
        <!---->
      </div>
       
      <div
        aria-describedby="uuid"
        aria-labelledby="uuid"
        class="m-input-group__content"
      >
         
        <ul
          class="m-radio-group__body"
          role="radiogroup"
        >
          <li
            class="m-radio m--is-error m--is-checked"
          >
            <input
              class="m-radio__hidden"
              id="uuid"
              name="uuid"
              type="radio"
              value=""
            />
             
            <label
              class="m-radio__wrap"
              for="uuid"
            >
              <span
                aria-hidden="true"
                class="m-radio__input"
              />
               
              <span
                class="m-radio__label"
              >
                Radio Option 1
              </span>
            </label>
          </li>
           
          <li
            class="m-radio m--is-error m--is-checked"
          >
            <input
              class="m-radio__hidden"
              id="uuid"
              name="uuid"
              type="radio"
              value=""
            />
             
            <label
              class="m-radio__wrap"
              for="uuid"
            >
              <span
                aria-hidden="true"
                class="m-radio__input"
              />
               
              <span
                class="m-radio__label"
              >
                Radio Option 2
              </span>
            </label>
          </li>
           
          <li
            class="m-radio m--is-error m--is-checked"
          >
            <input
              class="m-radio__hidden"
              id="uuid"
              name="uuid"
              type="radio"
              value=""
            />
             
            <label
              class="m-radio__wrap"
              for="uuid"
            >
              <span
                aria-hidden="true"
                class="m-radio__input"
              />
               
              <span
                class="m-radio__label"
              >
                Radio Option 3
              </span>
            </label>
          </li>
        </ul>
      </div>
    </div>
  </div>
</div>
`;

exports[`Storyshots components|m-radio-group error-message 1`] = `
<div
  class="m-radio-group m--has-error m--has-validation-message"
>
  <div
    class="m-input-group m--has-error m--has-validation-message"
  >
    <!---->
     
    <div
      class="m-input-group__body"
    >
      <div
        class="m-validation-message m-input-group__message"
        id="uuid"
      >
        <p
          class="m-validation-message__error"
        >
          <svg
            class="m-icon m-validation-message__icon"
            height="1em"
            width="1em"
          >
            <title>
              Erreur
            </title>
             
            <use
              aria-hidden="true"
              class=""
            />
          </svg>
           
          <span
            class="m-validation-message__text"
          >
            This is an error message
          </span>
        </p>
         
        <!---->
      </div>
       
      <div
        aria-describedby="uuid"
        class="m-input-group__content"
      >
         
        <ul
          class="m-radio-group__body"
          role="radiogroup"
        >
          <li
            class="m-radio m--is-error m--is-checked"
          >
            <input
              class="m-radio__hidden"
              id="uuid"
              name="uuid"
              type="radio"
              value=""
            />
             
            <label
              class="m-radio__wrap"
              for="uuid"
            >
              <span
                aria-hidden="true"
                class="m-radio__input"
              />
               
              <span
                class="m-radio__label"
              >
                Radio Option 1
              </span>
            </label>
          </li>
           
          <li
            class="m-radio m--is-error m--is-checked"
          >
            <input
              class="m-radio__hidden"
              id="uuid"
              name="uuid"
              type="radio"
              value=""
            />
             
            <label
              class="m-radio__wrap"
              for="uuid"
            >
              <span
                aria-hidden="true"
                class="m-radio__input"
              />
               
              <span
                class="m-radio__label"
              >
                Radio Option 2
              </span>
            </label>
          </li>
           
          <li
            class="m-radio m--is-error m--is-checked"
          >
            <input
              class="m-radio__hidden"
              id="uuid"
              name="uuid"
              type="radio"
              value=""
            />
             
            <label
              class="m-radio__wrap"
              for="uuid"
            >
              <span
                aria-hidden="true"
                class="m-radio__input"
              />
               
              <span
                class="m-radio__label"
              >
                Radio Option 3
              </span>
            </label>
          </li>
        </ul>
      </div>
    </div>
  </div>
</div>
`;

exports[`Storyshots components|m-radio-group focus 1`] = `
<div
  class="m-radio-group"
  focus="true"
>
  <div
    class="m-input-group"
  >
    <!---->
     
    <div
      class="m-input-group__body"
    >
      <div
        class="m-validation-message m-input-group__message"
      >
        <!---->
         
        <!---->
      </div>
       
      <div
        class="m-input-group__content"
      >
         
        <ul
          class="m-radio-group__body"
          role="radiogroup"
        >
          <li
            class="m-radio m--is-checked"
          >
            <input
              class="m-radio__hidden"
              id="uuid"
              name="uuid"
              type="radio"
              value=""
            />
             
            <label
              class="m-radio__wrap"
              for="uuid"
            >
              <span
                aria-hidden="true"
                class="m-radio__input"
              />
               
              <span
                class="m-radio__label"
              >
                Radio Option 1
              </span>
            </label>
          </li>
           
          <li
            class="m-radio m--is-checked"
          >
            <input
              class="m-radio__hidden"
              id="uuid"
              name="uuid"
              type="radio"
              value=""
            />
             
            <label
              class="m-radio__wrap"
              for="uuid"
            >
              <span
                aria-hidden="true"
                class="m-radio__input"
              />
               
              <span
                class="m-radio__label"
              >
                Radio Option 2
              </span>
            </label>
          </li>
           
          <li
            class="m-radio m--is-checked"
          >
            <input
              class="m-radio__hidden"
              id="uuid"
              name="uuid"
              type="radio"
              value=""
            />
             
            <label
              class="m-radio__wrap"
              for="uuid"
            >
              <span
                aria-hidden="true"
                class="m-radio__input"
              />
               
              <span
                class="m-radio__label"
              >
                Radio Option 3
              </span>
            </label>
          </li>
        </ul>
      </div>
    </div>
  </div>
</div>
`;

exports[`Storyshots components|m-radio-group icon slot 1`] = `
<div
  class="m-radio-group"
>
  <div
    class="m-input-group"
  >
    <p
      class="m-input-group__label"
      id="uuid"
    >
      This is a label
      <span
        class="m-input-group__icon"
      >
        <svg
          aria-hidden="true"
          class="m-icon"
          height="20px"
          width="20px"
        >
          <!---->
           
          <use
            aria-hidden="true"
            class=""
          />
        </svg>
      </span>
       
      <!---->
    </p>
     
    <div
      class="m-input-group__body"
    >
      <div
        class="m-validation-message m-input-group__message"
      >
        <!---->
         
        <!---->
      </div>
       
      <div
        aria-labelledby="uuid"
        class="m-input-group__content"
      >
         
        <ul
          class="m-radio-group__body"
          role="radiogroup"
        >
           
          <li
            class="m-radio m--is-checked"
          >
            <input
              class="m-radio__hidden"
              id="uuid"
              name="uuid"
              type="radio"
              value=""
            />
             
            <label
              class="m-radio__wrap"
              for="uuid"
            >
              <span
                aria-hidden="true"
                class="m-radio__input"
              />
               
              <span
                class="m-radio__label"
              >
                Radio Option 1
              </span>
            </label>
          </li>
           
          <li
            class="m-radio m--is-checked"
          >
            <input
              class="m-radio__hidden"
              id="uuid"
              name="uuid"
              type="radio"
              value=""
            />
             
            <label
              class="m-radio__wrap"
              for="uuid"
            >
              <span
                aria-hidden="true"
                class="m-radio__input"
              />
               
              <span
                class="m-radio__label"
              >
                Radio Option 2
              </span>
            </label>
          </li>
           
          <li
            class="m-radio m--is-checked"
          >
            <input
              class="m-radio__hidden"
              id="uuid"
              name="uuid"
              type="radio"
              value=""
            />
             
            <label
              class="m-radio__wrap"
              for="uuid"
            >
              <span
                aria-hidden="true"
                class="m-radio__input"
              />
               
              <span
                class="m-radio__label"
              >
                Radio Option 3
              </span>
            </label>
          </li>
        </ul>
      </div>
    </div>
  </div>
</div>
`;

exports[`Storyshots components|m-radio-group inline 1`] = `
<div
  class="m-radio-group m--is-inline"
>
  <div
    class="m-input-group"
  >
    <!---->
     
    <div
      class="m-input-group__body"
    >
      <div
        class="m-validation-message m-input-group__message"
      >
        <!---->
         
        <!---->
      </div>
       
      <div
        class="m-input-group__content"
      >
         
        <ul
          class="m-radio-group__body"
          role="radiogroup"
        >
          <li
            class="m-radio m--is-checked m--is-inline"
          >
            <input
              class="m-radio__hidden"
              id="uuid"
              name="uuid"
              type="radio"
              value=""
            />
             
            <label
              class="m-radio__wrap"
              for="uuid"
            >
              <span
                aria-hidden="true"
                class="m-radio__input"
              />
               
              <span
                class="m-radio__label"
              >
                Radio Option 1
              </span>
            </label>
          </li>
           
          <li
            class="m-radio m--is-checked m--is-inline"
          >
            <input
              class="m-radio__hidden"
              id="uuid"
              name="uuid"
              type="radio"
              value=""
            />
             
            <label
              class="m-radio__wrap"
              for="uuid"
            >
              <span
                aria-hidden="true"
                class="m-radio__input"
              />
               
              <span
                class="m-radio__label"
              >
                Radio Option 2
              </span>
            </label>
          </li>
           
          <li
            class="m-radio m--is-checked m--is-inline"
          >
            <input
              class="m-radio__hidden"
              id="uuid"
              name="uuid"
              type="radio"
              value=""
            />
             
            <label
              class="m-radio__wrap"
              for="uuid"
            >
              <span
                aria-hidden="true"
                class="m-radio__input"
              />
               
              <span
                class="m-radio__label"
              >
                Radio Option 3
              </span>
            </label>
          </li>
        </ul>
      </div>
    </div>
  </div>
</div>
`;

exports[`Storyshots components|m-radio-group label 1`] = `
<div
  class="m-radio-group"
>
  <div
    class="m-input-group"
  >
    <p
      class="m-input-group__label"
      id="uuid"
    >
      This is a label
      <!---->
       
      <!---->
    </p>
     
    <div
      class="m-input-group__body"
    >
      <div
        class="m-validation-message m-input-group__message"
      >
        <!---->
         
        <!---->
      </div>
       
      <div
        aria-labelledby="uuid"
        class="m-input-group__content"
      >
         
        <ul
          class="m-radio-group__body"
          role="radiogroup"
        >
          <li
            class="m-radio m--is-checked"
          >
            <input
              class="m-radio__hidden"
              id="uuid"
              name="uuid"
              type="radio"
              value=""
            />
             
            <label
              class="m-radio__wrap"
              for="uuid"
            >
              <span
                aria-hidden="true"
                class="m-radio__input"
              />
               
              <span
                class="m-radio__label"
              >
                Radio Option 1
              </span>
            </label>
          </li>
           
          <li
            class="m-radio m--is-checked"
          >
            <input
              class="m-radio__hidden"
              id="uuid"
              name="uuid"
              type="radio"
              value=""
            />
             
            <label
              class="m-radio__wrap"
              for="uuid"
            >
              <span
                aria-hidden="true"
                class="m-radio__input"
              />
               
              <span
                class="m-radio__label"
              >
                Radio Option 2
              </span>
            </label>
          </li>
           
          <li
            class="m-radio m--is-checked"
          >
            <input
              class="m-radio__hidden"
              id="uuid"
              name="uuid"
              type="radio"
              value=""
            />
             
            <label
              class="m-radio__wrap"
              for="uuid"
            >
              <span
                aria-hidden="true"
                class="m-radio__input"
              />
               
              <span
                class="m-radio__label"
              >
                Radio Option 3
              </span>
            </label>
          </li>
        </ul>
      </div>
    </div>
  </div>
</div>
`;

exports[`Storyshots components|m-radio-group radios-margin-top="10px" 1`] = `
<div
  class="m-radio-group"
>
  <div
    class="m-input-group"
  >
    <!---->
     
    <div
      class="m-input-group__body"
    >
      <div
        class="m-validation-message m-input-group__message"
      >
        <!---->
         
        <!---->
      </div>
       
      <div
        class="m-input-group__content"
      >
         
        <ul
          class="m-radio-group__body"
          role="radiogroup"
        >
          <li
            class="m-radio m--is-checked"
          >
            <input
              class="m-radio__hidden"
              id="uuid"
              name="uuid"
              type="radio"
              value=""
            />
             
            <label
              class="m-radio__wrap"
              for="uuid"
            >
              <span
                aria-hidden="true"
                class="m-radio__input"
                style="margin-top: 10px;"
              />
               
              <span
                class="m-radio__label"
              >
                Radio Option 1
              </span>
            </label>
          </li>
           
          <li
            class="m-radio m--is-checked"
          >
            <input
              class="m-radio__hidden"
              id="uuid"
              name="uuid"
              type="radio"
              value=""
            />
             
            <label
              class="m-radio__wrap"
              for="uuid"
            >
              <span
                aria-hidden="true"
                class="m-radio__input"
                style="margin-top: 10px;"
              />
               
              <span
                class="m-radio__label"
              >
                Radio Option 2
              </span>
            </label>
          </li>
           
          <li
            class="m-radio m--is-checked"
          >
            <input
              class="m-radio__hidden"
              id="uuid"
              name="uuid"
              type="radio"
              value=""
            />
             
            <label
              class="m-radio__wrap"
              for="uuid"
            >
              <span
                aria-hidden="true"
                class="m-radio__input"
                style="margin-top: 10px;"
              />
               
              <span
                class="m-radio__label"
              >
                Radio Option 3
              </span>
            </label>
          </li>
        </ul>
      </div>
    </div>
  </div>
</div>
`;

exports[`Storyshots components|m-radio-group radios-vertical-align="center" 1`] = `
<div
  class="m-radio-group"
>
  <div
    class="m-input-group"
  >
    <!---->
     
    <div
      class="m-input-group__body"
    >
      <div
        class="m-validation-message m-input-group__message"
      >
        <!---->
         
        <!---->
      </div>
       
      <div
        class="m-input-group__content"
      >
         
        <ul
          class="m-radio-group__body"
          role="radiogroup"
        >
          <li
            class="m-radio m--is-checked m--is-align-center"
          >
            <input
              class="m-radio__hidden"
              id="uuid"
              name="uuid"
              type="radio"
              value=""
            />
             
            <label
              class="m-radio__wrap"
              for="uuid"
            >
              <span
                aria-hidden="true"
                class="m-radio__input"
              />
               
              <span
                class="m-radio__label"
              >
                Radio Option 1
              </span>
            </label>
          </li>
           
          <li
            class="m-radio m--is-checked m--is-align-center"
          >
            <input
              class="m-radio__hidden"
              id="uuid"
              name="uuid"
              type="radio"
              value=""
            />
             
            <label
              class="m-radio__wrap"
              for="uuid"
            >
              <span
                aria-hidden="true"
                class="m-radio__input"
              />
               
              <span
                class="m-radio__label"
              >
                Radio Option 2
              </span>
            </label>
          </li>
           
          <li
            class="m-radio m--is-checked m--is-align-center"
          >
            <input
              class="m-radio__hidden"
              id="uuid"
              name="uuid"
              type="radio"
              value=""
            />
             
            <label
              class="m-radio__wrap"
              for="uuid"
            >
              <span
                aria-hidden="true"
                class="m-radio__input"
              />
               
              <span
                class="m-radio__label"
              >
                Radio Option 3
              </span>
            </label>
          </li>
        </ul>
      </div>
    </div>
  </div>
</div>
`;

exports[`Storyshots components|m-radio-group required-marker 1`] = `
<div
  class="m-radio-group"
>
  <div
    class="m-input-group"
  >
    <p
      class="m-input-group__label"
      id="uuid"
    >
      This is a label
      <!---->
       
      <sup
        class="m-input-group__required-marker"
      >
        *
      </sup>
    </p>
     
    <div
      class="m-input-group__body"
    >
      <div
        class="m-validation-message m-input-group__message"
      >
        <!---->
         
        <!---->
      </div>
       
      <div
        aria-labelledby="uuid"
        class="m-input-group__content"
      >
         
        <ul
          class="m-radio-group__body"
          role="radiogroup"
        >
          <li
            class="m-radio m--is-checked"
          >
            <input
              class="m-radio__hidden"
              id="uuid"
              name="uuid"
              type="radio"
              value=""
            />
             
            <label
              class="m-radio__wrap"
              for="uuid"
            >
              <span
                aria-hidden="true"
                class="m-radio__input"
              />
               
              <span
                class="m-radio__label"
              >
                Radio Option 1
              </span>
            </label>
          </li>
           
          <li
            class="m-radio m--is-checked"
          >
            <input
              class="m-radio__hidden"
              id="uuid"
              name="uuid"
              type="radio"
              value=""
            />
             
            <label
              class="m-radio__wrap"
              for="uuid"
            >
              <span
                aria-hidden="true"
                class="m-radio__input"
              />
               
              <span
                class="m-radio__label"
              >
                Radio Option 2
              </span>
            </label>
          </li>
           
          <li
            class="m-radio m--is-checked"
          >
            <input
              class="m-radio__hidden"
              id="uuid"
              name="uuid"
              type="radio"
              value=""
            />
             
            <label
              class="m-radio__wrap"
              for="uuid"
            >
              <span
                aria-hidden="true"
                class="m-radio__input"
              />
               
              <span
                class="m-radio__label"
              >
                Radio Option 3
              </span>
            </label>
          </li>
        </ul>
      </div>
    </div>
  </div>
</div>
`;

exports[`Storyshots components|m-radio-group valid 1`] = `
<div
  class="m-radio-group m--is-valid"
>
  <div
    class="m-input-group m--is-valid"
  >
    <!---->
     
    <div
      class="m-input-group__body"
    >
      <div
        class="m-validation-message m-input-group__message"
      >
        <!---->
         
        <!---->
      </div>
       
      <div
        class="m-input-group__content"
      >
         
        <ul
          class="m-radio-group__body"
          role="radiogroup"
        >
          <li
            class="m-radio m--is-valid m--is-checked"
          >
            <input
              class="m-radio__hidden"
              id="uuid"
              name="uuid"
              type="radio"
              value=""
            />
             
            <label
              class="m-radio__wrap"
              for="uuid"
            >
              <span
                aria-hidden="true"
                class="m-radio__input"
              />
               
              <span
                class="m-radio__label"
              >
                Radio Option 1
              </span>
            </label>
          </li>
           
          <li
            class="m-radio m--is-valid m--is-checked"
          >
            <input
              class="m-radio__hidden"
              id="uuid"
              name="uuid"
              type="radio"
              value=""
            />
             
            <label
              class="m-radio__wrap"
              for="uuid"
            >
              <span
                aria-hidden="true"
                class="m-radio__input"
              />
               
              <span
                class="m-radio__label"
              >
                Radio Option 2
              </span>
            </label>
          </li>
           
          <li
            class="m-radio m--is-valid m--is-checked"
          >
            <input
              class="m-radio__hidden"
              id="uuid"
              name="uuid"
              type="radio"
              value=""
            />
             
            <label
              class="m-radio__wrap"
              for="uuid"
            >
              <span
                aria-hidden="true"
                class="m-radio__input"
              />
               
              <span
                class="m-radio__label"
              >
                Radio Option 3
              </span>
            </label>
          </li>
        </ul>
      </div>
    </div>
  </div>
</div>
`;

exports[`Storyshots components|m-radio-group/disabled="false" all childrens disabled="false" 1`] = `
<div
  class="m-radio-group"
>
  <div
    class="m-input-group"
  >
    <!---->
     
    <div
      class="m-input-group__body"
    >
      <div
        class="m-validation-message m-input-group__message"
      >
        <!---->
         
        <!---->
      </div>
       
      <div
        class="m-input-group__content"
      >
         
        <ul
          class="m-radio-group__body"
          role="radiogroup"
        >
          <li
            class="m-radio m--is-checked"
          >
            <input
              class="m-radio__hidden"
              id="uuid"
              name="uuid"
              type="radio"
              value=""
            />
             
            <label
              class="m-radio__wrap"
              for="uuid"
            >
              <span
                aria-hidden="true"
                class="m-radio__input"
              />
               
              <span
                class="m-radio__label"
              >
                Radio Option 1
              </span>
            </label>
          </li>
           
          <li
            class="m-radio m--is-checked"
          >
            <input
              class="m-radio__hidden"
              id="uuid"
              name="uuid"
              type="radio"
              value=""
            />
             
            <label
              class="m-radio__wrap"
              for="uuid"
            >
              <span
                aria-hidden="true"
                class="m-radio__input"
              />
               
              <span
                class="m-radio__label"
              >
                Radio Option 2
              </span>
            </label>
          </li>
           
          <li
            class="m-radio m--is-checked"
          >
            <input
              class="m-radio__hidden"
              id="uuid"
              name="uuid"
              type="radio"
              value=""
            />
             
            <label
              class="m-radio__wrap"
              for="uuid"
            >
              <span
                aria-hidden="true"
                class="m-radio__input"
              />
               
              <span
                class="m-radio__label"
              >
                Radio Option 3
              </span>
            </label>
          </li>
        </ul>
      </div>
    </div>
  </div>
</div>
`;

exports[`Storyshots components|m-radio-group/disabled="false" all childrens disabled="mixed" 1`] = `
<div
  class="m-radio-group m--is-disabled"
>
  <div
    class="m-input-group m--is-disabled"
  >
    <!---->
     
    <div
      class="m-input-group__body"
    >
      <div
        class="m-validation-message m-input-group__message"
      >
        <!---->
         
        <!---->
      </div>
       
      <div
        class="m-input-group__content"
      >
         
        <ul
          class="m-radio-group__body"
          role="radiogroup"
        >
          <li
            class="m-radio m--is-disabled m--is-checked"
          >
            <input
              aria-hidden="true"
              class="m-radio__hidden"
              disabled="disabled"
              id="uuid"
              name="uuid"
              type="radio"
              value=""
            />
             
            <label
              class="m-radio__wrap"
              for="uuid"
            >
              <span
                aria-hidden="true"
                class="m-radio__input"
              />
               
              <span
                class="m-radio__label"
              >
                Radio Option 1
              </span>
            </label>
          </li>
           
          <li
            class="m-radio m--is-disabled m--is-checked"
          >
            <input
              aria-hidden="true"
              class="m-radio__hidden"
              disabled="disabled"
              id="uuid"
              name="uuid"
              type="radio"
              value=""
            />
             
            <label
              class="m-radio__wrap"
              for="uuid"
            >
              <span
                aria-hidden="true"
                class="m-radio__input"
              />
               
              <span
                class="m-radio__label"
              >
                Radio Option 2
              </span>
            </label>
          </li>
           
          <li
            class="m-radio m--is-disabled m--is-checked"
          >
            <input
              aria-hidden="true"
              class="m-radio__hidden"
              disabled="disabled"
              id="uuid"
              name="uuid"
              type="radio"
              value=""
            />
             
            <label
              class="m-radio__wrap"
              for="uuid"
            >
              <span
                aria-hidden="true"
                class="m-radio__input"
              />
               
              <span
                class="m-radio__label"
              >
                Radio Option 3
              </span>
            </label>
          </li>
        </ul>
      </div>
    </div>
  </div>
</div>
`;

exports[`Storyshots components|m-radio-group/disabled="false" all childrens disabled="true" 1`] = `
<div
  class="m-radio-group m--is-disabled"
>
  <div
    class="m-input-group m--is-disabled"
  >
    <!---->
     
    <div
      class="m-input-group__body"
    >
      <div
        class="m-validation-message m-input-group__message"
      >
        <!---->
         
        <!---->
      </div>
       
      <div
        class="m-input-group__content"
      >
         
        <ul
          class="m-radio-group__body"
          role="radiogroup"
        >
          <li
            class="m-radio m--is-disabled m--is-checked"
          >
            <input
              aria-hidden="true"
              class="m-radio__hidden"
              disabled="disabled"
              id="uuid"
              name="uuid"
              type="radio"
              value=""
            />
             
            <label
              class="m-radio__wrap"
              for="uuid"
            >
              <span
                aria-hidden="true"
                class="m-radio__input"
              />
               
              <span
                class="m-radio__label"
              >
                Radio Option 1
              </span>
            </label>
          </li>
           
          <li
            class="m-radio m--is-disabled m--is-checked"
          >
            <input
              aria-hidden="true"
              class="m-radio__hidden"
              disabled="disabled"
              id="uuid"
              name="uuid"
              type="radio"
              value=""
            />
             
            <label
              class="m-radio__wrap"
              for="uuid"
            >
              <span
                aria-hidden="true"
                class="m-radio__input"
              />
               
              <span
                class="m-radio__label"
              >
                Radio Option 2
              </span>
            </label>
          </li>
           
          <li
            class="m-radio m--is-disabled m--is-checked"
          >
            <input
              aria-hidden="true"
              class="m-radio__hidden"
              disabled="disabled"
              id="uuid"
              name="uuid"
              type="radio"
              value=""
            />
             
            <label
              class="m-radio__wrap"
              for="uuid"
            >
              <span
                aria-hidden="true"
                class="m-radio__input"
              />
               
              <span
                class="m-radio__label"
              >
                Radio Option 3
              </span>
            </label>
          </li>
        </ul>
      </div>
    </div>
  </div>
</div>
`;

exports[`Storyshots components|m-radio-group/disabled="true" all childrens disabled="false" 1`] = `
<div
  class="m-radio-group m--is-disabled"
>
  <div
    class="m-input-group m--is-disabled"
  >
    <!---->
     
    <div
      class="m-input-group__body"
    >
      <div
        class="m-validation-message m-input-group__message"
      >
        <!---->
         
        <!---->
      </div>
       
      <div
        class="m-input-group__content"
      >
         
        <ul
          class="m-radio-group__body"
          role="radiogroup"
        >
          <li
            class="m-radio m--is-disabled m--is-checked"
          >
            <input
              aria-hidden="true"
              class="m-radio__hidden"
              disabled="disabled"
              id="uuid"
              name="uuid"
              type="radio"
              value=""
            />
             
            <label
              class="m-radio__wrap"
              for="uuid"
            >
              <span
                aria-hidden="true"
                class="m-radio__input"
              />
               
              <span
                class="m-radio__label"
              >
                Radio Option 1
              </span>
            </label>
          </li>
           
          <li
            class="m-radio m--is-disabled m--is-checked"
          >
            <input
              aria-hidden="true"
              class="m-radio__hidden"
              disabled="disabled"
              id="uuid"
              name="uuid"
              type="radio"
              value=""
            />
             
            <label
              class="m-radio__wrap"
              for="uuid"
            >
              <span
                aria-hidden="true"
                class="m-radio__input"
              />
               
              <span
                class="m-radio__label"
              >
                Radio Option 2
              </span>
            </label>
          </li>
           
          <li
            class="m-radio m--is-disabled m--is-checked"
          >
            <input
              aria-hidden="true"
              class="m-radio__hidden"
              disabled="disabled"
              id="uuid"
              name="uuid"
              type="radio"
              value=""
            />
             
            <label
              class="m-radio__wrap"
              for="uuid"
            >
              <span
                aria-hidden="true"
                class="m-radio__input"
              />
               
              <span
                class="m-radio__label"
              >
                Radio Option 3
              </span>
            </label>
          </li>
        </ul>
      </div>
    </div>
  </div>
</div>
`;

exports[`Storyshots components|m-radio-group/disabled="true" all childrens disabled="mixed" 1`] = `
<div
  class="m-radio-group m--is-disabled"
>
  <div
    class="m-input-group m--is-disabled"
  >
    <!---->
     
    <div
      class="m-input-group__body"
    >
      <div
        class="m-validation-message m-input-group__message"
      >
        <!---->
         
        <!---->
      </div>
       
      <div
        class="m-input-group__content"
      >
         
        <ul
          class="m-radio-group__body"
          role="radiogroup"
        >
          <li
            class="m-radio m--is-disabled m--is-checked"
          >
            <input
              aria-hidden="true"
              class="m-radio__hidden"
              disabled="disabled"
              id="uuid"
              name="uuid"
              type="radio"
              value=""
            />
             
            <label
              class="m-radio__wrap"
              for="uuid"
            >
              <span
                aria-hidden="true"
                class="m-radio__input"
              />
               
              <span
                class="m-radio__label"
              >
                Radio Option 1
              </span>
            </label>
          </li>
           
          <li
            class="m-radio m--is-disabled m--is-checked"
          >
            <input
              aria-hidden="true"
              class="m-radio__hidden"
              disabled="disabled"
              id="uuid"
              name="uuid"
              type="radio"
              value=""
            />
             
            <label
              class="m-radio__wrap"
              for="uuid"
            >
              <span
                aria-hidden="true"
                class="m-radio__input"
              />
               
              <span
                class="m-radio__label"
              >
                Radio Option 2
              </span>
            </label>
          </li>
           
          <li
            class="m-radio m--is-disabled m--is-checked"
          >
            <input
              aria-hidden="true"
              class="m-radio__hidden"
              disabled="disabled"
              id="uuid"
              name="uuid"
              type="radio"
              value=""
            />
             
            <label
              class="m-radio__wrap"
              for="uuid"
            >
              <span
                aria-hidden="true"
                class="m-radio__input"
              />
               
              <span
                class="m-radio__label"
              >
                Radio Option 3
              </span>
            </label>
          </li>
        </ul>
      </div>
    </div>
  </div>
</div>
`;

exports[`Storyshots components|m-radio-group/disabled="true" all childrens disabled="true" 1`] = `
<div
  class="m-radio-group m--is-disabled"
>
  <div
    class="m-input-group m--is-disabled"
  >
    <!---->
     
    <div
      class="m-input-group__body"
    >
      <div
        class="m-validation-message m-input-group__message"
      >
        <!---->
         
        <!---->
      </div>
       
      <div
        class="m-input-group__content"
      >
         
        <ul
          class="m-radio-group__body"
          role="radiogroup"
        >
          <li
            class="m-radio m--is-disabled m--is-checked"
          >
            <input
              aria-hidden="true"
              class="m-radio__hidden"
              disabled="disabled"
              id="uuid"
              name="uuid"
              type="radio"
              value=""
            />
             
            <label
              class="m-radio__wrap"
              for="uuid"
            >
              <span
                aria-hidden="true"
                class="m-radio__input"
              />
               
              <span
                class="m-radio__label"
              >
                Radio Option 1
              </span>
            </label>
          </li>
           
          <li
            class="m-radio m--is-disabled m--is-checked"
          >
            <input
              aria-hidden="true"
              class="m-radio__hidden"
              disabled="disabled"
              id="uuid"
              name="uuid"
              type="radio"
              value=""
            />
             
            <label
              class="m-radio__wrap"
              for="uuid"
            >
              <span
                aria-hidden="true"
                class="m-radio__input"
              />
               
              <span
                class="m-radio__label"
              >
                Radio Option 2
              </span>
            </label>
          </li>
           
          <li
            class="m-radio m--is-disabled m--is-checked"
          >
            <input
              aria-hidden="true"
              class="m-radio__hidden"
              disabled="disabled"
              id="uuid"
              name="uuid"
              type="radio"
              value=""
            />
             
            <label
              class="m-radio__wrap"
              for="uuid"
            >
              <span
                aria-hidden="true"
                class="m-radio__input"
              />
               
              <span
                class="m-radio__label"
              >
                Radio Option 3
              </span>
            </label>
          </li>
        </ul>
      </div>
    </div>
  </div>
</div>
`;

exports[`Storyshots components|m-radio-group/disabled="true" default 1`] = `
<div
  class="m-radio-group m--is-disabled"
>
  <div
    class="m-input-group m--is-disabled"
  >
    <!---->
     
    <div
      class="m-input-group__body"
    >
      <div
        class="m-validation-message m-input-group__message"
      >
        <!---->
         
        <!---->
      </div>
       
      <div
        class="m-input-group__content"
      >
         
        <ul
          class="m-radio-group__body"
          role="radiogroup"
        >
          <li
            class="m-radio m--is-disabled m--is-checked"
          >
            <input
              aria-hidden="true"
              class="m-radio__hidden"
              disabled="disabled"
              id="uuid"
              name="uuid"
              type="radio"
              value=""
            />
             
            <label
              class="m-radio__wrap"
              for="uuid"
            >
              <span
                aria-hidden="true"
                class="m-radio__input"
              />
               
              <span
                class="m-radio__label"
              >
                Radio Option 1
              </span>
            </label>
          </li>
           
          <li
            class="m-radio m--is-disabled m--is-checked"
          >
            <input
              aria-hidden="true"
              class="m-radio__hidden"
              disabled="disabled"
              id="uuid"
              name="uuid"
              type="radio"
              value=""
            />
             
            <label
              class="m-radio__wrap"
              for="uuid"
            >
              <span
                aria-hidden="true"
                class="m-radio__input"
              />
               
              <span
                class="m-radio__label"
              >
                Radio Option 2
              </span>
            </label>
          </li>
           
          <li
            class="m-radio m--is-disabled m--is-checked"
          >
            <input
              aria-hidden="true"
              class="m-radio__hidden"
              disabled="disabled"
              id="uuid"
              name="uuid"
              type="radio"
              value=""
            />
             
            <label
              class="m-radio__wrap"
              for="uuid"
            >
              <span
                aria-hidden="true"
                class="m-radio__input"
              />
               
              <span
                class="m-radio__label"
              >
                Radio Option 3
              </span>
            </label>
          </li>
        </ul>
      </div>
    </div>
  </div>
</div>
`;

exports[`Storyshots components|m-radio-group/radios-position="right" disabled 1`] = `
<div
  class="m-radio-group m--is-disabled"
>
  <div
    class="m-input-group m--is-disabled"
  >
    <!---->
     
    <div
      class="m-input-group__body"
    >
      <div
        class="m-validation-message m-input-group__message"
      >
        <!---->
         
        <!---->
      </div>
       
      <div
        class="m-input-group__content"
      >
         
        <ul
          class="m-radio-group__body"
          role="radiogroup"
        >
          <li
            class="m-radio m--is-disabled m--is-checked m--is-input-right"
          >
            <input
              aria-hidden="true"
              class="m-radio__hidden"
              disabled="disabled"
              id="uuid"
              name="uuid"
              type="radio"
              value=""
            />
             
            <label
              class="m-radio__wrap"
              for="uuid"
            >
              <span
                aria-hidden="true"
                class="m-radio__input"
              />
               
              <span
                class="m-radio__label"
              >
                Radio Option 1
              </span>
            </label>
          </li>
           
          <li
            class="m-radio m--is-disabled m--is-checked m--is-input-right"
          >
            <input
              aria-hidden="true"
              class="m-radio__hidden"
              disabled="disabled"
              id="uuid"
              name="uuid"
              type="radio"
              value=""
            />
             
            <label
              class="m-radio__wrap"
              for="uuid"
            >
              <span
                aria-hidden="true"
                class="m-radio__input"
              />
               
              <span
                class="m-radio__label"
              >
                Radio Option 2
              </span>
            </label>
          </li>
           
          <li
            class="m-radio m--is-disabled m--is-checked m--is-input-right"
          >
            <input
              aria-hidden="true"
              class="m-radio__hidden"
              disabled="disabled"
              id="uuid"
              name="uuid"
              type="radio"
              value=""
            />
             
            <label
              class="m-radio__wrap"
              for="uuid"
            >
              <span
                aria-hidden="true"
                class="m-radio__input"
              />
               
              <span
                class="m-radio__label"
              >
                Radio Option 3
              </span>
            </label>
          </li>
        </ul>
      </div>
    </div>
  </div>
</div>
`;

exports[`Storyshots components|m-radio-group/radios-position="right" error 1`] = `
<div
  class="m-radio-group m--has-error"
>
  <div
    class="m-input-group m--has-error"
  >
    <!---->
     
    <div
      class="m-input-group__body"
    >
      <div
        class="m-validation-message m-input-group__message"
      >
        <!---->
         
        <!---->
      </div>
       
      <div
        class="m-input-group__content"
      >
         
        <ul
          class="m-radio-group__body"
          role="radiogroup"
        >
          <li
            class="m-radio m--is-error m--is-checked m--is-input-right"
          >
            <input
              class="m-radio__hidden"
              id="uuid"
              name="uuid"
              type="radio"
              value=""
            />
             
            <label
              class="m-radio__wrap"
              for="uuid"
            >
              <span
                aria-hidden="true"
                class="m-radio__input"
              />
               
              <span
                class="m-radio__label"
              >
                Radio Option 1
              </span>
            </label>
          </li>
           
          <li
            class="m-radio m--is-error m--is-checked m--is-input-right"
          >
            <input
              class="m-radio__hidden"
              id="uuid"
              name="uuid"
              type="radio"
              value=""
            />
             
            <label
              class="m-radio__wrap"
              for="uuid"
            >
              <span
                aria-hidden="true"
                class="m-radio__input"
              />
               
              <span
                class="m-radio__label"
              >
                Radio Option 2
              </span>
            </label>
          </li>
           
          <li
            class="m-radio m--is-error m--is-checked m--is-input-right"
          >
            <input
              class="m-radio__hidden"
              id="uuid"
              name="uuid"
              type="radio"
              value=""
            />
             
            <label
              class="m-radio__wrap"
              for="uuid"
            >
              <span
                aria-hidden="true"
                class="m-radio__input"
              />
               
              <span
                class="m-radio__label"
              >
                Radio Option 3
              </span>
            </label>
          </li>
        </ul>
      </div>
    </div>
  </div>
</div>
`;

exports[`Storyshots components|m-radio-group/radios-position="right" error-message 1`] = `
<div
  class="m-radio-group m--has-error m--has-validation-message"
>
  <div
    class="m-input-group m--has-error m--has-validation-message"
  >
    <!---->
     
    <div
      class="m-input-group__body"
    >
      <div
        class="m-validation-message m-input-group__message"
        id="uuid"
      >
        <p
          class="m-validation-message__error"
        >
          <svg
            class="m-icon m-validation-message__icon"
            height="1em"
            width="1em"
          >
            <title>
              Erreur
            </title>
             
            <use
              aria-hidden="true"
              class=""
            />
          </svg>
           
          <span
            class="m-validation-message__text"
          >
            This is an error message
          </span>
        </p>
         
        <!---->
      </div>
       
      <div
        aria-describedby="uuid"
        class="m-input-group__content"
      >
         
        <ul
          class="m-radio-group__body"
          role="radiogroup"
        >
          <li
            class="m-radio m--is-error m--is-checked m--is-input-right"
          >
            <input
              class="m-radio__hidden"
              id="uuid"
              name="uuid"
              type="radio"
              value=""
            />
             
            <label
              class="m-radio__wrap"
              for="uuid"
            >
              <span
                aria-hidden="true"
                class="m-radio__input"
              />
               
              <span
                class="m-radio__label"
              >
                Radio Option 1
              </span>
            </label>
          </li>
           
          <li
            class="m-radio m--is-error m--is-checked m--is-input-right"
          >
            <input
              class="m-radio__hidden"
              id="uuid"
              name="uuid"
              type="radio"
              value=""
            />
             
            <label
              class="m-radio__wrap"
              for="uuid"
            >
              <span
                aria-hidden="true"
                class="m-radio__input"
              />
               
              <span
                class="m-radio__label"
              >
                Radio Option 2
              </span>
            </label>
          </li>
           
          <li
            class="m-radio m--is-error m--is-checked m--is-input-right"
          >
            <input
              class="m-radio__hidden"
              id="uuid"
              name="uuid"
              type="radio"
              value=""
            />
             
            <label
              class="m-radio__wrap"
              for="uuid"
            >
              <span
                aria-hidden="true"
                class="m-radio__input"
              />
               
              <span
                class="m-radio__label"
              >
                Radio Option 3
              </span>
            </label>
          </li>
        </ul>
      </div>
    </div>
  </div>
</div>
`;

exports[`Storyshots components|m-radio-group/radios-position="right" focus 1`] = `
<div
  class="m-radio-group"
  focus="true"
>
  <div
    class="m-input-group"
  >
    <!---->
     
    <div
      class="m-input-group__body"
    >
      <div
        class="m-validation-message m-input-group__message"
      >
        <!---->
         
        <!---->
      </div>
       
      <div
        class="m-input-group__content"
      >
         
        <ul
          class="m-radio-group__body"
          role="radiogroup"
        >
          <li
            class="m-radio m--is-checked m--is-input-right"
          >
            <input
              class="m-radio__hidden"
              id="uuid"
              name="uuid"
              type="radio"
              value=""
            />
             
            <label
              class="m-radio__wrap"
              for="uuid"
            >
              <span
                aria-hidden="true"
                class="m-radio__input"
              />
               
              <span
                class="m-radio__label"
              >
                Radio Option 1
              </span>
            </label>
          </li>
           
          <li
            class="m-radio m--is-checked m--is-input-right"
          >
            <input
              class="m-radio__hidden"
              id="uuid"
              name="uuid"
              type="radio"
              value=""
            />
             
            <label
              class="m-radio__wrap"
              for="uuid"
            >
              <span
                aria-hidden="true"
                class="m-radio__input"
              />
               
              <span
                class="m-radio__label"
              >
                Radio Option 2
              </span>
            </label>
          </li>
           
          <li
            class="m-radio m--is-checked m--is-input-right"
          >
            <input
              class="m-radio__hidden"
              id="uuid"
              name="uuid"
              type="radio"
              value=""
            />
             
            <label
              class="m-radio__wrap"
              for="uuid"
            >
              <span
                aria-hidden="true"
                class="m-radio__input"
              />
               
              <span
                class="m-radio__label"
              >
                Radio Option 3
              </span>
            </label>
          </li>
        </ul>
      </div>
    </div>
  </div>
</div>
`;

exports[`Storyshots components|m-radio-group/radios-position="right" inline 1`] = `
<div
  class="m-radio-group m--is-inline"
>
  <div
    class="m-input-group"
  >
    <!---->
     
    <div
      class="m-input-group__body"
    >
      <div
        class="m-validation-message m-input-group__message"
      >
        <!---->
         
        <!---->
      </div>
       
      <div
        class="m-input-group__content"
      >
         
        <ul
          class="m-radio-group__body"
          role="radiogroup"
        >
          <li
            class="m-radio m--is-checked m--is-input-right m--is-inline"
          >
            <input
              class="m-radio__hidden"
              id="uuid"
              name="uuid"
              type="radio"
              value=""
            />
             
            <label
              class="m-radio__wrap"
              for="uuid"
            >
              <span
                aria-hidden="true"
                class="m-radio__input"
              />
               
              <span
                class="m-radio__label"
              >
                Radio Option 1
              </span>
            </label>
          </li>
           
          <li
            class="m-radio m--is-checked m--is-input-right m--is-inline"
          >
            <input
              class="m-radio__hidden"
              id="uuid"
              name="uuid"
              type="radio"
              value=""
            />
             
            <label
              class="m-radio__wrap"
              for="uuid"
            >
              <span
                aria-hidden="true"
                class="m-radio__input"
              />
               
              <span
                class="m-radio__label"
              >
                Radio Option 2
              </span>
            </label>
          </li>
           
          <li
            class="m-radio m--is-checked m--is-input-right m--is-inline"
          >
            <input
              class="m-radio__hidden"
              id="uuid"
              name="uuid"
              type="radio"
              value=""
            />
             
            <label
              class="m-radio__wrap"
              for="uuid"
            >
              <span
                aria-hidden="true"
                class="m-radio__input"
              />
               
              <span
                class="m-radio__label"
              >
                Radio Option 3
              </span>
            </label>
          </li>
        </ul>
      </div>
    </div>
  </div>
</div>
`;

exports[`Storyshots components|m-radio-group/radios-position="right" label 1`] = `
<div
  class="m-radio-group"
>
  <div
    class="m-input-group"
  >
    <p
      class="m-input-group__label"
      id="uuid"
    >
      This is a label
      <!---->
       
      <!---->
    </p>
     
    <div
      class="m-input-group__body"
    >
      <div
        class="m-validation-message m-input-group__message"
      >
        <!---->
         
        <!---->
      </div>
       
      <div
        aria-labelledby="uuid"
        class="m-input-group__content"
      >
         
        <ul
          class="m-radio-group__body"
          role="radiogroup"
        >
          <li
            class="m-radio m--is-checked m--is-input-right"
          >
            <input
              class="m-radio__hidden"
              id="uuid"
              name="uuid"
              type="radio"
              value=""
            />
             
            <label
              class="m-radio__wrap"
              for="uuid"
            >
              <span
                aria-hidden="true"
                class="m-radio__input"
              />
               
              <span
                class="m-radio__label"
              >
                Radio Option 1
              </span>
            </label>
          </li>
           
          <li
            class="m-radio m--is-checked m--is-input-right"
          >
            <input
              class="m-radio__hidden"
              id="uuid"
              name="uuid"
              type="radio"
              value=""
            />
             
            <label
              class="m-radio__wrap"
              for="uuid"
            >
              <span
                aria-hidden="true"
                class="m-radio__input"
              />
               
              <span
                class="m-radio__label"
              >
                Radio Option 2
              </span>
            </label>
          </li>
           
          <li
            class="m-radio m--is-checked m--is-input-right"
          >
            <input
              class="m-radio__hidden"
              id="uuid"
              name="uuid"
              type="radio"
              value=""
            />
             
            <label
              class="m-radio__wrap"
              for="uuid"
            >
              <span
                aria-hidden="true"
                class="m-radio__input"
              />
               
              <span
                class="m-radio__label"
              >
                Radio Option 3
              </span>
            </label>
          </li>
        </ul>
      </div>
    </div>
  </div>
</div>
`;

exports[`Storyshots components|m-radio-group/radios-position="right" radios-margin-top="10px" 1`] = `
<div
  class="m-radio-group"
>
  <div
    class="m-input-group"
  >
    <!---->
     
    <div
      class="m-input-group__body"
    >
      <div
        class="m-validation-message m-input-group__message"
      >
        <!---->
         
        <!---->
      </div>
       
      <div
        class="m-input-group__content"
      >
         
        <ul
          class="m-radio-group__body"
          role="radiogroup"
        >
          <li
            class="m-radio m--is-checked m--is-input-right"
          >
            <input
              class="m-radio__hidden"
              id="uuid"
              name="uuid"
              type="radio"
              value=""
            />
             
            <label
              class="m-radio__wrap"
              for="uuid"
            >
              <span
                aria-hidden="true"
                class="m-radio__input"
                style="margin-top: 10px;"
              />
               
              <span
                class="m-radio__label"
              >
                Radio Option 1
              </span>
            </label>
          </li>
           
          <li
            class="m-radio m--is-checked m--is-input-right"
          >
            <input
              class="m-radio__hidden"
              id="uuid"
              name="uuid"
              type="radio"
              value=""
            />
             
            <label
              class="m-radio__wrap"
              for="uuid"
            >
              <span
                aria-hidden="true"
                class="m-radio__input"
                style="margin-top: 10px;"
              />
               
              <span
                class="m-radio__label"
              >
                Radio Option 2
              </span>
            </label>
          </li>
           
          <li
            class="m-radio m--is-checked m--is-input-right"
          >
            <input
              class="m-radio__hidden"
              id="uuid"
              name="uuid"
              type="radio"
              value=""
            />
             
            <label
              class="m-radio__wrap"
              for="uuid"
            >
              <span
                aria-hidden="true"
                class="m-radio__input"
                style="margin-top: 10px;"
              />
               
              <span
                class="m-radio__label"
              >
                Radio Option 3
              </span>
            </label>
          </li>
        </ul>
      </div>
    </div>
  </div>
</div>
`;

exports[`Storyshots components|m-radio-group/radios-position="right" radios-vertical-align="center" 1`] = `
<div
  class="m-radio-group"
>
  <div
    class="m-input-group"
  >
    <!---->
     
    <div
      class="m-input-group__body"
    >
      <div
        class="m-validation-message m-input-group__message"
      >
        <!---->
         
        <!---->
      </div>
       
      <div
        class="m-input-group__content"
      >
         
        <ul
          class="m-radio-group__body"
          role="radiogroup"
        >
          <li
            class="m-radio m--is-checked m--is-input-right m--is-align-center"
          >
            <input
              class="m-radio__hidden"
              id="uuid"
              name="uuid"
              type="radio"
              value=""
            />
             
            <label
              class="m-radio__wrap"
              for="uuid"
            >
              <span
                aria-hidden="true"
                class="m-radio__input"
              />
               
              <span
                class="m-radio__label"
              >
                Radio Option 1
              </span>
            </label>
          </li>
           
          <li
            class="m-radio m--is-checked m--is-input-right m--is-align-center"
          >
            <input
              class="m-radio__hidden"
              id="uuid"
              name="uuid"
              type="radio"
              value=""
            />
             
            <label
              class="m-radio__wrap"
              for="uuid"
            >
              <span
                aria-hidden="true"
                class="m-radio__input"
              />
               
              <span
                class="m-radio__label"
              >
                Radio Option 2
              </span>
            </label>
          </li>
           
          <li
            class="m-radio m--is-checked m--is-input-right m--is-align-center"
          >
            <input
              class="m-radio__hidden"
              id="uuid"
              name="uuid"
              type="radio"
              value=""
            />
             
            <label
              class="m-radio__wrap"
              for="uuid"
            >
              <span
                aria-hidden="true"
                class="m-radio__input"
              />
               
              <span
                class="m-radio__label"
              >
                Radio Option 3
              </span>
            </label>
          </li>
        </ul>
      </div>
    </div>
  </div>
</div>
`;

exports[`Storyshots components|m-radio-group/radios-position="right" readonly 1`] = `
<div
  class="m-radio-group"
>
  <div
    class="m-input-group"
  >
    <!---->
     
    <div
      class="m-input-group__body"
    >
      <div
        class="m-validation-message m-input-group__message"
      >
        <!---->
         
        <!---->
      </div>
       
      <div
        class="m-input-group__content"
      >
         
        <ul
          class="m-radio-group__body"
          role="radiogroup"
        >
          <li
            class="m-radio m--is-read-only m--is-checked m--is-input-right"
          >
            <input
              class="m-radio__hidden"
              disabled="disabled"
              id="uuid"
              name="uuid"
              type="radio"
              value=""
            />
             
            <label
              class="m-radio__wrap"
              for="uuid"
            >
              <span
                aria-hidden="true"
                class="m-radio__input"
              />
               
              <span
                class="m-radio__label"
              >
                Radio Option 1
              </span>
            </label>
          </li>
           
          <li
            class="m-radio m--is-read-only m--is-checked m--is-input-right"
          >
            <input
              class="m-radio__hidden"
              disabled="disabled"
              id="uuid"
              name="uuid"
              type="radio"
              value=""
            />
             
            <label
              class="m-radio__wrap"
              for="uuid"
            >
              <span
                aria-hidden="true"
                class="m-radio__input"
              />
               
              <span
                class="m-radio__label"
              >
                Radio Option 2
              </span>
            </label>
          </li>
           
          <li
            class="m-radio m--is-read-only m--is-checked m--is-input-right"
          >
            <input
              class="m-radio__hidden"
              disabled="disabled"
              id="uuid"
              name="uuid"
              type="radio"
              value=""
            />
             
            <label
              class="m-radio__wrap"
              for="uuid"
            >
              <span
                aria-hidden="true"
                class="m-radio__input"
              />
               
              <span
                class="m-radio__label"
              >
                Radio Option 3
              </span>
            </label>
          </li>
        </ul>
      </div>
    </div>
  </div>
</div>
`;

exports[`Storyshots components|m-radio-group/radios-position="right" valid 1`] = `
<div
  class="m-radio-group m--is-valid"
>
  <div
    class="m-input-group m--is-valid"
  >
    <!---->
     
    <div
      class="m-input-group__body"
    >
      <div
        class="m-validation-message m-input-group__message"
      >
        <!---->
         
        <!---->
      </div>
       
      <div
        class="m-input-group__content"
      >
         
        <ul
          class="m-radio-group__body"
          role="radiogroup"
        >
          <li
            class="m-radio m--is-valid m--is-checked m--is-input-right"
          >
            <input
              class="m-radio__hidden"
              id="uuid"
              name="uuid"
              type="radio"
              value=""
            />
             
            <label
              class="m-radio__wrap"
              for="uuid"
            >
              <span
                aria-hidden="true"
                class="m-radio__input"
              />
               
              <span
                class="m-radio__label"
              >
                Radio Option 1
              </span>
            </label>
          </li>
           
          <li
            class="m-radio m--is-valid m--is-checked m--is-input-right"
          >
            <input
              class="m-radio__hidden"
              id="uuid"
              name="uuid"
              type="radio"
              value=""
            />
             
            <label
              class="m-radio__wrap"
              for="uuid"
            >
              <span
                aria-hidden="true"
                class="m-radio__input"
              />
               
              <span
                class="m-radio__label"
              >
                Radio Option 2
              </span>
            </label>
          </li>
           
          <li
            class="m-radio m--is-valid m--is-checked m--is-input-right"
          >
            <input
              class="m-radio__hidden"
              id="uuid"
              name="uuid"
              type="radio"
              value=""
            />
             
            <label
              class="m-radio__wrap"
              for="uuid"
            >
              <span
                aria-hidden="true"
                class="m-radio__input"
              />
               
              <span
                class="m-radio__label"
              >
                Radio Option 3
              </span>
            </label>
          </li>
        </ul>
      </div>
    </div>
  </div>
</div>
`;

exports[`Storyshots components|m-radio-group/readonly="false" all childrens readonly="false" 1`] = `
<div
  class="m-radio-group"
>
  <div
    class="m-input-group"
  >
    <!---->
     
    <div
      class="m-input-group__body"
    >
      <div
        class="m-validation-message m-input-group__message"
      >
        <!---->
         
        <!---->
      </div>
       
      <div
        class="m-input-group__content"
      >
         
        <ul
          class="m-radio-group__body"
          role="radiogroup"
        >
          <li
            class="m-radio m--is-checked"
          >
            <input
              class="m-radio__hidden"
              id="uuid"
              name="uuid"
              type="radio"
              value=""
            />
             
            <label
              class="m-radio__wrap"
              for="uuid"
            >
              <span
                aria-hidden="true"
                class="m-radio__input"
              />
               
              <span
                class="m-radio__label"
              >
                Radio Option 1
              </span>
            </label>
          </li>
           
          <li
            class="m-radio m--is-checked"
          >
            <input
              class="m-radio__hidden"
              id="uuid"
              name="uuid"
              type="radio"
              value=""
            />
             
            <label
              class="m-radio__wrap"
              for="uuid"
            >
              <span
                aria-hidden="true"
                class="m-radio__input"
              />
               
              <span
                class="m-radio__label"
              >
                Radio Option 2
              </span>
            </label>
          </li>
           
          <li
            class="m-radio m--is-checked"
          >
            <input
              class="m-radio__hidden"
              id="uuid"
              name="uuid"
              type="radio"
              value=""
            />
             
            <label
              class="m-radio__wrap"
              for="uuid"
            >
              <span
                aria-hidden="true"
                class="m-radio__input"
              />
               
              <span
                class="m-radio__label"
              >
                Radio Option 3
              </span>
            </label>
          </li>
        </ul>
      </div>
    </div>
  </div>
</div>
`;

exports[`Storyshots components|m-radio-group/readonly="false" all childrens readonly="mixed" 1`] = `
<div
  class="m-radio-group"
>
  <div
    class="m-input-group"
  >
    <!---->
     
    <div
      class="m-input-group__body"
    >
      <div
        class="m-validation-message m-input-group__message"
      >
        <!---->
         
        <!---->
      </div>
       
      <div
        class="m-input-group__content"
      >
         
        <ul
          class="m-radio-group__body"
          role="radiogroup"
        >
          <li
            class="m-radio m--is-checked"
          >
            <input
              class="m-radio__hidden"
              id="uuid"
              name="uuid"
              type="radio"
              value=""
            />
             
            <label
              class="m-radio__wrap"
              for="uuid"
            >
              <span
                aria-hidden="true"
                class="m-radio__input"
              />
               
              <span
                class="m-radio__label"
              >
                Radio Option 1
              </span>
            </label>
          </li>
           
          <li
            class="m-radio m--is-read-only m--is-checked"
          >
            <input
              class="m-radio__hidden"
              disabled="disabled"
              id="uuid"
              name="uuid"
              type="radio"
              value=""
            />
             
            <label
              class="m-radio__wrap"
              for="uuid"
            >
              <span
                aria-hidden="true"
                class="m-radio__input"
              />
               
              <span
                class="m-radio__label"
              >
                Radio Option 2
              </span>
            </label>
          </li>
           
          <li
            class="m-radio m--is-checked"
          >
            <input
              class="m-radio__hidden"
              id="uuid"
              name="uuid"
              type="radio"
              value=""
            />
             
            <label
              class="m-radio__wrap"
              for="uuid"
            >
              <span
                aria-hidden="true"
                class="m-radio__input"
              />
               
              <span
                class="m-radio__label"
              >
                Radio Option 3
              </span>
            </label>
          </li>
        </ul>
      </div>
    </div>
  </div>
</div>
`;

exports[`Storyshots components|m-radio-group/readonly="false" all childrens readonly="true" 1`] = `
<div
  class="m-radio-group"
>
  <div
    class="m-input-group"
  >
    <!---->
     
    <div
      class="m-input-group__body"
    >
      <div
        class="m-validation-message m-input-group__message"
      >
        <!---->
         
        <!---->
      </div>
       
      <div
        class="m-input-group__content"
      >
         
        <ul
          class="m-radio-group__body"
          role="radiogroup"
        >
          <li
            class="m-radio m--is-read-only m--is-checked"
          >
            <input
              class="m-radio__hidden"
              disabled="disabled"
              id="uuid"
              name="uuid"
              type="radio"
              value=""
            />
             
            <label
              class="m-radio__wrap"
              for="uuid"
            >
              <span
                aria-hidden="true"
                class="m-radio__input"
              />
               
              <span
                class="m-radio__label"
              >
                Radio Option 1
              </span>
            </label>
          </li>
           
          <li
            class="m-radio m--is-read-only m--is-checked"
          >
            <input
              class="m-radio__hidden"
              disabled="disabled"
              id="uuid"
              name="uuid"
              type="radio"
              value=""
            />
             
            <label
              class="m-radio__wrap"
              for="uuid"
            >
              <span
                aria-hidden="true"
                class="m-radio__input"
              />
               
              <span
                class="m-radio__label"
              >
                Radio Option 2
              </span>
            </label>
          </li>
           
          <li
            class="m-radio m--is-read-only m--is-checked"
          >
            <input
              class="m-radio__hidden"
              disabled="disabled"
              id="uuid"
              name="uuid"
              type="radio"
              value=""
            />
             
            <label
              class="m-radio__wrap"
              for="uuid"
            >
              <span
                aria-hidden="true"
                class="m-radio__input"
              />
               
              <span
                class="m-radio__label"
              >
                Radio Option 3
              </span>
            </label>
          </li>
        </ul>
      </div>
    </div>
  </div>
</div>
`;

exports[`Storyshots components|m-radio-group/readonly="true" all childrens readonly="false" 1`] = `
<div
  class="m-radio-group"
>
  <div
    class="m-input-group"
  >
    <!---->
     
    <div
      class="m-input-group__body"
    >
      <div
        class="m-validation-message m-input-group__message"
      >
        <!---->
         
        <!---->
      </div>
       
      <div
        class="m-input-group__content"
      >
         
        <ul
          class="m-radio-group__body"
          role="radiogroup"
        >
          <li
            class="m-radio m--is-checked"
          >
            <input
              class="m-radio__hidden"
              id="uuid"
              name="uuid"
              type="radio"
              value=""
            />
             
            <label
              class="m-radio__wrap"
              for="uuid"
            >
              <span
                aria-hidden="true"
                class="m-radio__input"
              />
               
              <span
                class="m-radio__label"
              >
                Radio Option 1
              </span>
            </label>
          </li>
           
          <li
            class="m-radio m--is-checked"
          >
            <input
              class="m-radio__hidden"
              id="uuid"
              name="uuid"
              type="radio"
              value=""
            />
             
            <label
              class="m-radio__wrap"
              for="uuid"
            >
              <span
                aria-hidden="true"
                class="m-radio__input"
              />
               
              <span
                class="m-radio__label"
              >
                Radio Option 2
              </span>
            </label>
          </li>
           
          <li
            class="m-radio m--is-checked"
          >
            <input
              class="m-radio__hidden"
              id="uuid"
              name="uuid"
              type="radio"
              value=""
            />
             
            <label
              class="m-radio__wrap"
              for="uuid"
            >
              <span
                aria-hidden="true"
                class="m-radio__input"
              />
               
              <span
                class="m-radio__label"
              >
                Radio Option 3
              </span>
            </label>
          </li>
        </ul>
      </div>
    </div>
  </div>
</div>
`;

exports[`Storyshots components|m-radio-group/readonly="true" all childrens readonly="mixed" 1`] = `
<div
  class="m-radio-group"
>
  <div
    class="m-input-group"
  >
    <!---->
     
    <div
      class="m-input-group__body"
    >
      <div
        class="m-validation-message m-input-group__message"
      >
        <!---->
         
        <!---->
      </div>
       
      <div
        class="m-input-group__content"
      >
         
        <ul
          class="m-radio-group__body"
          role="radiogroup"
        >
          <li
            class="m-radio m--is-read-only m--is-checked"
          >
            <input
              class="m-radio__hidden"
              disabled="disabled"
              id="uuid"
              name="uuid"
              type="radio"
              value=""
            />
             
            <label
              class="m-radio__wrap"
              for="uuid"
            >
              <span
                aria-hidden="true"
                class="m-radio__input"
              />
               
              <span
                class="m-radio__label"
              >
                Radio Option 1
              </span>
            </label>
          </li>
           
          <li
            class="m-radio m--is-checked"
          >
            <input
              class="m-radio__hidden"
              id="uuid"
              name="uuid"
              type="radio"
              value=""
            />
             
            <label
              class="m-radio__wrap"
              for="uuid"
            >
              <span
                aria-hidden="true"
                class="m-radio__input"
              />
               
              <span
                class="m-radio__label"
              >
                Radio Option 2
              </span>
            </label>
          </li>
           
          <li
            class="m-radio m--is-read-only m--is-checked"
          >
            <input
              class="m-radio__hidden"
              disabled="disabled"
              id="uuid"
              name="uuid"
              type="radio"
              value=""
            />
             
            <label
              class="m-radio__wrap"
              for="uuid"
            >
              <span
                aria-hidden="true"
                class="m-radio__input"
              />
               
              <span
                class="m-radio__label"
              >
                Radio Option 3
              </span>
            </label>
          </li>
        </ul>
      </div>
    </div>
  </div>
</div>
`;

exports[`Storyshots components|m-radio-group/readonly="true" all childrens readonly="true" 1`] = `
<div
  class="m-radio-group"
>
  <div
    class="m-input-group"
  >
    <!---->
     
    <div
      class="m-input-group__body"
    >
      <div
        class="m-validation-message m-input-group__message"
      >
        <!---->
         
        <!---->
      </div>
       
      <div
        class="m-input-group__content"
      >
         
        <ul
          class="m-radio-group__body"
          role="radiogroup"
        >
          <li
            class="m-radio m--is-read-only m--is-checked"
          >
            <input
              class="m-radio__hidden"
              disabled="disabled"
              id="uuid"
              name="uuid"
              type="radio"
              value=""
            />
             
            <label
              class="m-radio__wrap"
              for="uuid"
            >
              <span
                aria-hidden="true"
                class="m-radio__input"
              />
               
              <span
                class="m-radio__label"
              >
                Radio Option 1
              </span>
            </label>
          </li>
           
          <li
            class="m-radio m--is-read-only m--is-checked"
          >
            <input
              class="m-radio__hidden"
              disabled="disabled"
              id="uuid"
              name="uuid"
              type="radio"
              value=""
            />
             
            <label
              class="m-radio__wrap"
              for="uuid"
            >
              <span
                aria-hidden="true"
                class="m-radio__input"
              />
               
              <span
                class="m-radio__label"
              >
                Radio Option 2
              </span>
            </label>
          </li>
           
          <li
            class="m-radio m--is-read-only m--is-checked"
          >
            <input
              class="m-radio__hidden"
              disabled="disabled"
              id="uuid"
              name="uuid"
              type="radio"
              value=""
            />
             
            <label
              class="m-radio__wrap"
              for="uuid"
            >
              <span
                aria-hidden="true"
                class="m-radio__input"
              />
               
              <span
                class="m-radio__label"
              >
                Radio Option 3
              </span>
            </label>
          </li>
        </ul>
      </div>
    </div>
  </div>
</div>
`;

exports[`Storyshots components|m-radio-group/readonly="true" default 1`] = `
<div
  class="m-radio-group"
>
  <div
    class="m-input-group"
  >
    <!---->
     
    <div
      class="m-input-group__body"
    >
      <div
        class="m-validation-message m-input-group__message"
      >
        <!---->
         
        <!---->
      </div>
       
      <div
        class="m-input-group__content"
      >
         
        <ul
          class="m-radio-group__body"
          role="radiogroup"
        >
          <li
            class="m-radio m--is-read-only m--is-checked"
          >
            <input
              class="m-radio__hidden"
              disabled="disabled"
              id="uuid"
              name="uuid"
              type="radio"
              value=""
            />
             
            <label
              class="m-radio__wrap"
              for="uuid"
            >
              <span
                aria-hidden="true"
                class="m-radio__input"
              />
               
              <span
                class="m-radio__label"
              >
                Radio Option 1
              </span>
            </label>
          </li>
           
          <li
            class="m-radio m--is-read-only m--is-checked"
          >
            <input
              class="m-radio__hidden"
              disabled="disabled"
              id="uuid"
              name="uuid"
              type="radio"
              value=""
            />
             
            <label
              class="m-radio__wrap"
              for="uuid"
            >
              <span
                aria-hidden="true"
                class="m-radio__input"
              />
               
              <span
                class="m-radio__label"
              >
                Radio Option 2
              </span>
            </label>
          </li>
           
          <li
            class="m-radio m--is-read-only m--is-checked"
          >
            <input
              class="m-radio__hidden"
              disabled="disabled"
              id="uuid"
              name="uuid"
              type="radio"
              value=""
            />
             
            <label
              class="m-radio__wrap"
              for="uuid"
            >
              <span
                aria-hidden="true"
                class="m-radio__input"
              />
               
              <span
                class="m-radio__label"
              >
                Radio Option 3
              </span>
            </label>
          </li>
        </ul>
      </div>
    </div>
  </div>
</div>
`;
