// Jest Snapshot v1, https://goo.gl/fbAQLP

exports[`Error-template integration tests Given an error with all props and slots initialized Then should render properly 1`] = `
<article class="m-error-template m--is-skin-warning">
    <h1 class="m-error-template__title">An error title.</h1>
    <div class="m-error-template__icon-container"><span name="iconName" size="130px" class="m-error-template__icon">Icone : iconName</span></div>
    <p class="m-error-template__hints">a hint</p>
    <p class="m-error-template__hints">another hint</p>
    <div class="m-error-template__details">
        <div id="theSlotId">The slot content</div>
    </div>
    <ul class="m-error-template__links">
        <li>
            <a icon-name="m-svg__chevron--right" mode="link" url="an Url" target="_blank" class="m-error-template__link">a link</a>
        </li>
        <li>
            <a icon-name="m-svg__chevron--right" mode="link" url="another Url" target="_blank" class="m-error-template__link">another link</a>
        </li>
    </ul>
</article>
`;
