// Jest Snapshot v1, https://goo.gl/fbAQLP

exports[`MI18n should render correctly 1`] = `<span class="m-i18n">test a</span>`;

exports[`MI18n should render correctly with html encoding 1`] = `<span class="m-i18n">&lt;i&gt;test&lt;/i&gt;</span>`;

exports[`MI18n should render correctly with params 1`] = `<span class="m-i18n">test a, test b</span>`;
