// Jest Snapshot v1, https://goo.gl/fbAQLP

exports[`MLogin when login should render correctly 1`] = `
<form>
    <div class="m-textfield m--has-label m--is-type-text" style="width:100%;max-width:288px;">
        <div class="m-input-style m--has-label m--is-tag-default" style="width:undefined;">
            <label for="mTextfield-uuid" class="m-input-style__label"><span>Username</span></label>
            <div class="m-input-style__body">
                <div class="m-input-style__body__left">
                    <input id="mTextfield-uuid" maxlength="Infinity" value="" class="m-textfield__input"> </div>
                <div class="m-input-style__body__right"></div>
            </div>
        </div>
        <div class="m-textfield__validation">
            <div class="m-validation-message m-textfield__validation__message">
                <m-accordion-transition transition="true"></m-accordion-transition>
            </div>
        </div>
    </div>
    <br>
    <div class="m-textfield m--has-label m--is-type-password" style="width:100%;max-width:288px;">
        <div class="m-input-style m--has-label m--is-tag-default" style="width:undefined;">
            <label for="mTextfield-uuid" class="m-input-style__label"><span>Password</span></label>
            <div class="m-input-style__body">
                <div class="m-input-style__body__left">
                    <input id="mTextfield-uuid" maxlength="Infinity" value="" class="m-textfield__input"> </div>
                <div class="m-input-style__body__right"></div>
            </div>
        </div>
        <div class="m-textfield__validation">
            <div class="m-validation-message m-textfield__validation__message">
                <m-accordion-transition transition="true"></m-accordion-transition>
            </div>
        </div>
    </div>
    <br>
    <button type="submit" class="m-button m--is-skin-primary"> <span class="m-button__text"><span class="m-i18n">Login</span> </span>
    </button>
    <br> </form>
`;
