// Jest Snapshot v1, https://goo.gl/fbAQLP

exports[`Component inplace-edit - Complete component mobile when in editMode should render correctly 1`] = `
<div class="m-inplace-edit">
    <div class="readSlot">readSlot</div>
    <div title="Modify" open="open">
        <form>
            <input type="text" name="inputEditMode" value="myInput" class="editSlot">
            <div class="m-inplace-edit__buttons">
                <button type="button" class="m-button m--is-skin-primary"> <span class="m-button__text"><span class="m-i18n">Save</span> </span>
                </button>
                <button type="button" class="m-button m--is-skin-secondary"> <span class="m-button__text"><span class="m-i18n">Cancel</span> </span>
                </button>
            </div>
        </form>
    </div>
</div>
`;
